╔═══════════════════════════════════════════════════════════════╗
║   Hungarian Algorithm Performance Benchmark                   ║
╚═══════════════════════════════════════════════════════════════╝

🧹 Cleaning previous results...
🧹 Cleaning Docker volume...

🏗️  Building Docker images...
time="2026-02-08T11:28:31+05:30" level=warning msg="/Users/ankur.a/g_orange/hungarian-benchmark/docker-compose.yml: the attribute `version` is obsolete, it will be ignored, please remove it to avoid potential confusion"
 Image hungarian-benchmark-reporter Building 
 Image hungarian-benchmark-python Building 
 Image hungarian-benchmark-golang Building 
 Image hungarian-benchmark-rust Building 
#1 [internal] load local bake definitions
#1 reading from stdin 2.04kB done
#1 DONE 0.0s

#2 [golang internal] load build definition from Dockerfile
#2 transferring dockerfile: 489B done
#2 DONE 0.0s

#3 [python internal] load build definition from Dockerfile
#3 transferring dockerfile: 435B done
#3 DONE 0.0s

#4 [reporter internal] load build definition from Dockerfile
#4 transferring dockerfile: 448B done
#4 DONE 0.0s

#5 [rust internal] load build definition from Dockerfile
#5 transferring dockerfile: 612B done
#5 DONE 0.0s

#6 [golang internal] load metadata for docker.io/library/golang:1.21-alpine
#6 DONE 0.1s

#7 [golang internal] load metadata for docker.io/library/alpine:latest
#7 DONE 0.1s

#8 [golang internal] load .dockerignore
#8 transferring context: 2B done
#8 DONE 0.0s

#9 [golang internal] load build context
#9 DONE 0.0s

#10 [golang stage-1 1/4] FROM docker.io/library/alpine:latest@sha256:25109184c71bdad752c8312a8623239686a9a2071e8825f20acb8f2198c3f659
#10 resolve docker.io/library/alpine:latest@sha256:25109184c71bdad752c8312a8623239686a9a2071e8825f20acb8f2198c3f659 0.0s done
#10 DONE 0.0s

#11 [golang builder 1/7] FROM docker.io/library/golang:1.21-alpine@sha256:2414035b086e3c42b99654c8b26e6f5b1b1598080d65fd03c7f499552ff4dc94
#11 resolve docker.io/library/golang:1.21-alpine@sha256:2414035b086e3c42b99654c8b26e6f5b1b1598080d65fd03c7f499552ff4dc94
#11 resolve docker.io/library/golang:1.21-alpine@sha256:2414035b086e3c42b99654c8b26e6f5b1b1598080d65fd03c7f499552ff4dc94 0.0s done
#11 DONE 0.0s

#9 [golang internal] load build context
#9 transferring context: 110B done
#9 DONE 0.0s

#12 [golang stage-1 2/4] WORKDIR /app
#12 CACHED

#13 [golang builder 7/7] RUN go build -o hungarian-benchmark .
#13 CACHED

#14 [golang builder 4/7] COPY go.mod go.sum ./
#14 CACHED

#15 [golang builder 6/7] COPY . .
#15 CACHED

#16 [golang builder 2/7] RUN apk add --no-cache git
#16 CACHED

#17 [golang builder 5/7] RUN go mod download
#17 CACHED

#18 [golang stage-1 3/4] COPY --from=builder /app/hungarian-benchmark .
#18 CACHED

#19 [golang builder 3/7] WORKDIR /app
#19 CACHED

#20 [golang stage-1 4/4] RUN mkdir -p /results
#20 CACHED

#21 [golang] exporting to image
#21 exporting layers done
#21 exporting manifest sha256:fdc6d0f1a91eefd2bc7bc40878b16c67224644cd8b45ad011955c48bb6f0e238 done
#21 exporting config sha256:79e59a8237c6c58638fa7abc750dd71c375f7efc75dd41491b88df75dbdd281a done
#21 exporting attestation manifest sha256:262eef8c768117b7976e5def67adc9b0393c4a09f665e83b03820623833c9d2f 0.0s done
#21 exporting manifest list sha256:35123d1c9b728d39ba08d87ac326cd00a7e36a0ad941fd92a89f9e50771e3adf done
#21 naming to docker.io/library/hungarian-benchmark-golang:latest done
#21 unpacking to docker.io/library/hungarian-benchmark-golang:latest done
#21 DONE 0.1s

#22 [golang] resolving provenance for metadata file
#22 DONE 0.0s

#23 [reporter internal] load metadata for docker.io/library/python:3.11-slim
#23 ...

#24 [rust internal] load metadata for docker.io/library/rust:1.82-alpine
#24 DONE 2.2s

#25 [rust internal] load .dockerignore
#25 transferring context: 2B done
#25 DONE 0.0s

#10 [rust stage-1 1/4] FROM docker.io/library/alpine:latest@sha256:25109184c71bdad752c8312a8623239686a9a2071e8825f20acb8f2198c3f659
#10 resolve docker.io/library/alpine:latest@sha256:25109184c71bdad752c8312a8623239686a9a2071e8825f20acb8f2198c3f659 0.0s done
#10 DONE 0.0s

#26 [rust builder 1/7] FROM docker.io/library/rust:1.82-alpine@sha256:2f42ce0d00c0b14f7fd84453cdc93ff5efec5da7ce03ead6e0b41adb1fbe834e
#26 resolve docker.io/library/rust:1.82-alpine@sha256:2f42ce0d00c0b14f7fd84453cdc93ff5efec5da7ce03ead6e0b41adb1fbe834e 0.0s done
#26 DONE 0.0s

#27 [rust internal] load build context
#27 transferring context: 86B done
#27 DONE 0.0s

#28 [rust builder 3/7] RUN apk add --no-cache musl-dev
#28 CACHED

#29 [rust stage-1 3/4] COPY --from=builder /app/target/release/hungarian-benchmark .
#29 CACHED

#12 [rust stage-1 2/4] WORKDIR /app
#12 CACHED

#30 [rust builder 4/7] COPY Cargo.toml Cargo.lock* ./
#30 CACHED

#31 [rust builder 6/7] COPY src ./src
#31 CACHED

#32 [rust builder 7/7] RUN cargo build --release
#32 CACHED

#33 [rust builder 2/7] WORKDIR /app
#33 CACHED

#34 [rust builder 5/7] RUN mkdir src &&     echo "fn main() {}" > src/main.rs &&     cargo build --release || true
#34 CACHED

#35 [rust stage-1 4/4] RUN mkdir -p /results
#35 CACHED

#36 [rust] exporting to image
#36 exporting layers done
#36 exporting manifest sha256:7aa0bfa75c3e30f5507203f0a71fc92bc3d3dfb003b48e540b283019d10b0fc4 done
#36 exporting config sha256:fe0b066bdebc630e7f855787a000bd6ad953b445bf52016ab5bf07a7f9ceaea5 done
#36 exporting attestation manifest sha256:a95e29c045cd69584d5ee2e0c332e6ef90b442c1a185ff29d8d9f7079c688170 0.0s done
#36 exporting manifest list sha256:d76d24e0d4999395356b50382851b78264b80bef942c001d991318876bc8c19c done
#36 naming to docker.io/library/hungarian-benchmark-rust:latest done
#36 unpacking to docker.io/library/hungarian-benchmark-rust:latest done
#36 DONE 0.1s

#23 [reporter internal] load metadata for docker.io/library/python:3.11-slim
#23 ...

#37 [rust] resolving provenance for metadata file
#37 DONE 0.0s

#23 [reporter internal] load metadata for docker.io/library/python:3.11-slim
#23 DONE 2.5s

#38 [reporter internal] load .dockerignore
#38 transferring context: 2B done
#38 DONE 0.0s

#39 [python internal] load .dockerignore
#39 transferring context: 2B 0.0s done
#39 DONE 0.0s

#40 [reporter 1/8] FROM docker.io/library/python:3.11-slim@sha256:0b23cfb7425d065008b778022a17b1551c82f8b4866ee5a7a200084b7e2eafbf
#40 resolve docker.io/library/python:3.11-slim@sha256:0b23cfb7425d065008b778022a17b1551c82f8b4866ee5a7a200084b7e2eafbf 0.0s done
#40 DONE 0.0s

#41 [python internal] load build context
#41 transferring context: 64B done
#41 DONE 0.0s

#42 [reporter internal] load build context
#42 transferring context: 76B done
#42 DONE 0.0s

#43 [python 6/8] COPY main.py .
#43 CACHED

#44 [python 7/8] RUN chmod +x main.py
#44 CACHED

#45 [python 5/8] RUN pip install --no-cache-dir -r requirements.txt
#45 CACHED

#46 [python 4/8] COPY requirements.txt .
#46 CACHED

#47 [reporter 2/8] WORKDIR /app
#47 CACHED

#48 [reporter 7/8] RUN chmod +x *.py
#48 CACHED

#49 [reporter 4/8] COPY requirements.txt .
#49 CACHED

#50 [reporter 5/8] RUN pip install --no-cache-dir -r requirements.txt
#50 CACHED

#51 [reporter 3/8] RUN apt-get update && apt-get install -y gcc python3-dev && rm -rf /var/lib/apt/lists/*
#51 CACHED

#52 [reporter 6/8] COPY compare_results.py .
#52 CACHED

#53 [python 8/8] RUN mkdir -p /results
#53 CACHED

#54 [reporter 8/8] RUN mkdir -p /results
#54 CACHED

#55 [reporter] exporting to image
#55 exporting layers done
#55 exporting manifest sha256:3d96f82ba61880c72c3079c04c782c3d4baea913448b9a8b94850706f033441e done
#55 exporting config sha256:0e3c3d6f761412b89d095d7808bf2c4622e2b18395616663e038f89d7d4c29ec done
#55 exporting attestation manifest sha256:c594f359779b6283c4a28f8d7973d6e94093fd730ad2499ea1511ce2ce4e9d92
#55 exporting attestation manifest sha256:c594f359779b6283c4a28f8d7973d6e94093fd730ad2499ea1511ce2ce4e9d92 0.0s done
#55 exporting manifest list sha256:f68b25c8c15e8fd4f44fd4941b8d484c1c04d457c18c7358afb357eba66b2eb7 0.0s done
#55 naming to docker.io/library/hungarian-benchmark-reporter:latest done
#55 unpacking to docker.io/library/hungarian-benchmark-reporter:latest 0.0s done
#55 DONE 0.1s

#56 [python] exporting to image
#56 exporting layers done
#56 exporting manifest sha256:6fd293710c3c26f9495560fd3e37a683fae15f9e2297415aa08313bdc12d5b42 done
#56 exporting config sha256:cea8579793e2e3164616a406ba0b859a578d12827c8a55cfcf868f60a57369a3 done
#56 exporting attestation manifest sha256:05da893b68312577966a42fde3fafc80a96f90fb5d4834f3783bd793bf48826f 0.0s done
#56 exporting manifest list sha256:b555c87d31968431f19b3dd826712eb44855b08354671f51b568336bd17e5924 0.0s done
#56 naming to docker.io/library/hungarian-benchmark-python:latest done
#56 unpacking to docker.io/library/hungarian-benchmark-python:latest done
#56 DONE 0.1s

#57 [python] resolving provenance for metadata file
#57 DONE 0.0s

#58 [reporter] resolving provenance for metadata file
#58 DONE 0.0s
 Image hungarian-benchmark-rust Built 
 Image hungarian-benchmark-golang Built 
 Image hungarian-benchmark-python Built 
 Image hungarian-benchmark-reporter Built 

🐍 Running Python (scipy) benchmarks...

━━━━━━━━━━━━━━━━━━━━━━━━━━━━━━━━━━━━━━━━━━━━━━━━━━━━━━━━━━━
Running small (10×20) - SEQUENTIAL (1 core)
time="2026-02-08T11:28:35+05:30" level=warning msg="/Users/ankur.a/g_orange/hungarian-benchmark/docker-compose.yml: the attribute `version` is obsolete, it will be ignored, please remove it to avoid potential confusion"
 Network hungarian-benchmark_benchmark-net Creating 
 Network hungarian-benchmark_benchmark-net Created 
time="2026-02-08T11:28:35+05:30" level=warning msg="Found orphan containers ([hungarian-generator]) for this project. If you removed or renamed this service in your compose file, you can run this command with the --remove-orphans flag to clean it up."
 Container hungarian-benchmark-python-run-8e25d0a60457 Creating 
 Container hungarian-benchmark-python-run-8e25d0a60457 Created 
Running Python Hungarian Algorithm Benchmark (SEQUENTIAL)
Scenario: small
━━━━━━━━━━━━━━━━━━━━━━━━━━━━━━━━━━━━━━━━━━━━━━━━━━━━━━━━━━━━
Matrix: 10×20 | Cores: 1

Matrix shape: (10, 20)
Matrix dtype: float64
Load time (sequential): 8.972 ms

✓ Algorithm completed successfully
  Assignments: 10
  Total cost: 9044.94
  Load time: 8.972 ms
  Algorithm time: 0.014 ms
  Total time: 8.986 ms
  Memory used: 0.00 MB

✓ Results appended to /results/python_results.json
━━━━━━━━━━━━━━━━━━━━━━━━━━━━━━━━━━━━━━━━━━━━━━━━━━━━━━━━━━━━
BENCHMARK SUMMARY
━━━━━━━━━━━━━━━━━━━━━━━━━━━━━━━━━━━━━━━━━━━━━━━━━━━━━━━━━━━━
Language:        Python
Implementation:  scipy.optimize.linear_sum_assignment (sequential)
Scenario:        small
Matrix Size:     10x20
Execution Time:  0.014 ms
Memory Used:     0.00 MB
Solution Cost:   9044.94
Success:         ✓
━━━━━━━━━━━━━━━━━━━━━━━━━━━━━━━━━━━━━━━━━━━━━━━━━━━━━━━━━━━━

━━━━━━━━━━━━━━━━━━━━━━━━━━━━━━━━━━━━━━━━━━━━━━━━━━━━━━━━━━━
Running small (10×20) - PARALLEL (8 cores)
time="2026-02-08T11:28:36+05:30" level=warning msg="/Users/ankur.a/g_orange/hungarian-benchmark/docker-compose.yml: the attribute `version` is obsolete, it will be ignored, please remove it to avoid potential confusion"
time="2026-02-08T11:28:36+05:30" level=warning msg="Found orphan containers ([hungarian-generator]) for this project. If you removed or renamed this service in your compose file, you can run this command with the --remove-orphans flag to clean it up."
 Container hungarian-benchmark-python-run-bf3afa92d3ae Creating 
 Container hungarian-benchmark-python-run-bf3afa92d3ae Created 
Running Python Hungarian Algorithm Benchmark (PARALLEL)
Scenario: small
━━━━━━━━━━━━━━━━━━━━━━━━━━━━━━━━━━━━━━━━━━━━━━━━━━━━━━━━━━━━
Matrix: 10×20 | Cores: 8

Matrix shape: (10, 20)
Matrix dtype: float64
Load time (parallel): 53.036 ms

✓ Algorithm completed successfully
  Assignments: 10
  Total cost: 9044.94
  Load time: 53.036 ms
  Algorithm time: 0.035 ms
  Total time: 53.071 ms
  Memory used: 2.10 MB

✓ Results appended to /results/python_results.json
━━━━━━━━━━━━━━━━━━━━━━━━━━━━━━━━━━━━━━━━━━━━━━━━━━━━━━━━━━━━
BENCHMARK SUMMARY
━━━━━━━━━━━━━━━━━━━━━━━━━━━━━━━━━━━━━━━━━━━━━━━━━━━━━━━━━━━━
Language:        Python
Implementation:  scipy.optimize.linear_sum_assignment (parallel)
Scenario:        small
Matrix Size:     10x20
Execution Time:  0.035 ms
Memory Used:     2.10 MB
Solution Cost:   9044.94
Success:         ✓
━━━━━━━━━━━━━━━━━━━━━━━━━━━━━━━━━━━━━━━━━━━━━━━━━━━━━━━━━━━━

━━━━━━━━━━━━━━━━━━━━━━━━━━━━━━━━━━━━━━━━━━━━━━━━━━━━━━━━━━━
Running medium (50×100) - SEQUENTIAL (1 core)
time="2026-02-08T11:28:37+05:30" level=warning msg="/Users/ankur.a/g_orange/hungarian-benchmark/docker-compose.yml: the attribute `version` is obsolete, it will be ignored, please remove it to avoid potential confusion"
time="2026-02-08T11:28:37+05:30" level=warning msg="Found orphan containers ([hungarian-generator]) for this project. If you removed or renamed this service in your compose file, you can run this command with the --remove-orphans flag to clean it up."
 Container hungarian-benchmark-python-run-ba9d796ba6f1 Creating 
 Container hungarian-benchmark-python-run-ba9d796ba6f1 Created 
Running Python Hungarian Algorithm Benchmark (SEQUENTIAL)
Scenario: medium
━━━━━━━━━━━━━━━━━━━━━━━━━━━━━━━━━━━━━━━━━━━━━━━━━━━━━━━━━━━━
Matrix: 50×100 | Cores: 1

Matrix shape: (50, 100)
Matrix dtype: float64
Load time (sequential): 228.059 ms

✓ Algorithm completed successfully
  Assignments: 50
  Total cost: 29229.05
  Load time: 228.059 ms
  Algorithm time: 0.051 ms
  Total time: 228.110 ms
  Memory used: 0.12 MB

✓ Results appended to /results/python_results.json
━━━━━━━━━━━━━━━━━━━━━━━━━━━━━━━━━━━━━━━━━━━━━━━━━━━━━━━━━━━━
BENCHMARK SUMMARY
━━━━━━━━━━━━━━━━━━━━━━━━━━━━━━━━━━━━━━━━━━━━━━━━━━━━━━━━━━━━
Language:        Python
Implementation:  scipy.optimize.linear_sum_assignment (sequential)
Scenario:        medium
Matrix Size:     50x100
Execution Time:  0.051 ms
Memory Used:     0.12 MB
Solution Cost:   29229.05
Success:         ✓
━━━━━━━━━━━━━━━━━━━━━━━━━━━━━━━━━━━━━━━━━━━━━━━━━━━━━━━━━━━━

━━━━━━━━━━━━━━━━━━━━━━━━━━━━━━━━━━━━━━━━━━━━━━━━━━━━━━━━━━━
Running medium (50×100) - PARALLEL (8 cores)
time="2026-02-08T11:28:38+05:30" level=warning msg="/Users/ankur.a/g_orange/hungarian-benchmark/docker-compose.yml: the attribute `version` is obsolete, it will be ignored, please remove it to avoid potential confusion"
time="2026-02-08T11:28:39+05:30" level=warning msg="Found orphan containers ([hungarian-generator]) for this project. If you removed or renamed this service in your compose file, you can run this command with the --remove-orphans flag to clean it up."
 Container hungarian-benchmark-python-run-3b25bc4fba18 Creating 
 Container hungarian-benchmark-python-run-3b25bc4fba18 Created 
Running Python Hungarian Algorithm Benchmark (PARALLEL)
Scenario: medium
━━━━━━━━━━━━━━━━━━━━━━━━━━━━━━━━━━━━━━━━━━━━━━━━━━━━━━━━━━━━
Matrix: 50×100 | Cores: 8

Matrix shape: (50, 100)
Matrix dtype: float64
Load time (parallel): 94.269 ms

✓ Algorithm completed successfully
  Assignments: 50
  Total cost: 29229.05
  Load time: 94.269 ms
  Algorithm time: 0.048 ms
  Total time: 94.317 ms
  Memory used: 2.20 MB

✓ Results appended to /results/python_results.json
━━━━━━━━━━━━━━━━━━━━━━━━━━━━━━━━━━━━━━━━━━━━━━━━━━━━━━━━━━━━
BENCHMARK SUMMARY
━━━━━━━━━━━━━━━━━━━━━━━━━━━━━━━━━━━━━━━━━━━━━━━━━━━━━━━━━━━━
Language:        Python
Implementation:  scipy.optimize.linear_sum_assignment (parallel)
Scenario:        medium
Matrix Size:     50x100
Execution Time:  0.048 ms
Memory Used:     2.20 MB
Solution Cost:   29229.05
Success:         ✓
━━━━━━━━━━━━━━━━━━━━━━━━━━━━━━━━━━━━━━━━━━━━━━━━━━━━━━━━━━━━

━━━━━━━━━━━━━━━━━━━━━━━━━━━━━━━━━━━━━━━━━━━━━━━━━━━━━━━━━━━
Running large (100×200) - SEQUENTIAL (1 core)
time="2026-02-08T11:28:40+05:30" level=warning msg="/Users/ankur.a/g_orange/hungarian-benchmark/docker-compose.yml: the attribute `version` is obsolete, it will be ignored, please remove it to avoid potential confusion"
time="2026-02-08T11:28:40+05:30" level=warning msg="Found orphan containers ([hungarian-generator]) for this project. If you removed or renamed this service in your compose file, you can run this command with the --remove-orphans flag to clean it up."
 Container hungarian-benchmark-python-run-7ff03b772c92 Creating 
 Container hungarian-benchmark-python-run-7ff03b772c92 Created 
Running Python Hungarian Algorithm Benchmark (SEQUENTIAL)
Scenario: large
━━━━━━━━━━━━━━━━━━━━━━━━━━━━━━━━━━━━━━━━━━━━━━━━━━━━━━━━━━━━
Matrix: 100×200 | Cores: 1

Matrix shape: (100, 200)
Matrix dtype: float64
Load time (sequential): 847.810 ms

✓ Algorithm completed successfully
  Assignments: 100
  Total cost: 47402.88
  Load time: 847.810 ms
  Algorithm time: 0.148 ms
  Total time: 847.959 ms
  Memory used: 0.66 MB

✓ Results appended to /results/python_results.json
━━━━━━━━━━━━━━━━━━━━━━━━━━━━━━━━━━━━━━━━━━━━━━━━━━━━━━━━━━━━
BENCHMARK SUMMARY
━━━━━━━━━━━━━━━━━━━━━━━━━━━━━━━━━━━━━━━━━━━━━━━━━━━━━━━━━━━━
Language:        Python
Implementation:  scipy.optimize.linear_sum_assignment (sequential)
Scenario:        large
Matrix Size:     100x200
Execution Time:  0.148 ms
Memory Used:     0.66 MB
Solution Cost:   47402.88
Success:         ✓
━━━━━━━━━━━━━━━━━━━━━━━━━━━━━━━━━━━━━━━━━━━━━━━━━━━━━━━━━━━━

━━━━━━━━━━━━━━━━━━━━━━━━━━━━━━━━━━━━━━━━━━━━━━━━━━━━━━━━━━━
Running large (100×200) - PARALLEL (8 cores)
time="2026-02-08T11:28:42+05:30" level=warning msg="/Users/ankur.a/g_orange/hungarian-benchmark/docker-compose.yml: the attribute `version` is obsolete, it will be ignored, please remove it to avoid potential confusion"
time="2026-02-08T11:28:42+05:30" level=warning msg="Found orphan containers ([hungarian-generator]) for this project. If you removed or renamed this service in your compose file, you can run this command with the --remove-orphans flag to clean it up."
 Container hungarian-benchmark-python-run-9bf39c4c2e6b Creating 
 Container hungarian-benchmark-python-run-9bf39c4c2e6b Created 
Running Python Hungarian Algorithm Benchmark (PARALLEL)
Scenario: large
━━━━━━━━━━━━━━━━━━━━━━━━━━━━━━━━━━━━━━━━━━━━━━━━━━━━━━━━━━━━
Matrix: 100×200 | Cores: 8

Matrix shape: (100, 200)
Matrix dtype: float64
Load time (parallel): 254.005 ms

✓ Algorithm completed successfully
  Assignments: 100
  Total cost: 47402.88
  Load time: 254.005 ms
  Algorithm time: 0.154 ms
  Total time: 254.158 ms
  Memory used: 2.68 MB

✓ Results appended to /results/python_results.json
━━━━━━━━━━━━━━━━━━━━━━━━━━━━━━━━━━━━━━━━━━━━━━━━━━━━━━━━━━━━
BENCHMARK SUMMARY
━━━━━━━━━━━━━━━━━━━━━━━━━━━━━━━━━━━━━━━━━━━━━━━━━━━━━━━━━━━━
Language:        Python
Implementation:  scipy.optimize.linear_sum_assignment (parallel)
Scenario:        large
Matrix Size:     100x200
Execution Time:  0.154 ms
Memory Used:     2.68 MB
Solution Cost:   47402.88
Success:         ✓
━━━━━━━━━━━━━━━━━━━━━━━━━━━━━━━━━━━━━━━━━━━━━━━━━━━━━━━━━━━━

━━━━━━━━━━━━━━━━━━━━━━━━━━━━━━━━━━━━━━━━━━━━━━━━━━━━━━━━━━━
Running xlarge (250×500) - SEQUENTIAL (1 core)
time="2026-02-08T11:28:43+05:30" level=warning msg="/Users/ankur.a/g_orange/hungarian-benchmark/docker-compose.yml: the attribute `version` is obsolete, it will be ignored, please remove it to avoid potential confusion"
time="2026-02-08T11:28:43+05:30" level=warning msg="Found orphan containers ([hungarian-generator]) for this project. If you removed or renamed this service in your compose file, you can run this command with the --remove-orphans flag to clean it up."
 Container hungarian-benchmark-python-run-bed4aff69f2e Creating 
 Container hungarian-benchmark-python-run-bed4aff69f2e Created 
Running Python Hungarian Algorithm Benchmark (SEQUENTIAL)
Scenario: xlarge
━━━━━━━━━━━━━━━━━━━━━━━━━━━━━━━━━━━━━━━━━━━━━━━━━━━━━━━━━━━━
Matrix: 250×500 | Cores: 1

Matrix shape: (250, 500)
Matrix dtype: float64
Load time (sequential): 5910.565 ms

✓ Algorithm completed successfully
  Assignments: 250
  Total cost: 94264.98
  Load time: 5910.565 ms
  Algorithm time: 1.587 ms
  Total time: 5912.151 ms
  Memory used: 5.27 MB

✓ Results appended to /results/python_results.json
━━━━━━━━━━━━━━━━━━━━━━━━━━━━━━━━━━━━━━━━━━━━━━━━━━━━━━━━━━━━
BENCHMARK SUMMARY
━━━━━━━━━━━━━━━━━━━━━━━━━━━━━━━━━━━━━━━━━━━━━━━━━━━━━━━━━━━━
Language:        Python
Implementation:  scipy.optimize.linear_sum_assignment (sequential)
Scenario:        xlarge
Matrix Size:     250x500
Execution Time:  1.587 ms
Memory Used:     5.27 MB
Solution Cost:   94264.98
Success:         ✓
━━━━━━━━━━━━━━━━━━━━━━━━━━━━━━━━━━━━━━━━━━━━━━━━━━━━━━━━━━━━

━━━━━━━━━━━━━━━━━━━━━━━━━━━━━━━━━━━━━━━━━━━━━━━━━━━━━━━━━━━
Running xlarge (250×500) - PARALLEL (8 cores)
time="2026-02-08T11:28:51+05:30" level=warning msg="/Users/ankur.a/g_orange/hungarian-benchmark/docker-compose.yml: the attribute `version` is obsolete, it will be ignored, please remove it to avoid potential confusion"
time="2026-02-08T11:28:51+05:30" level=warning msg="Found orphan containers ([hungarian-generator]) for this project. If you removed or renamed this service in your compose file, you can run this command with the --remove-orphans flag to clean it up."
 Container hungarian-benchmark-python-run-adbb1f1e343e Creating 
 Container hungarian-benchmark-python-run-adbb1f1e343e Created 
Running Python Hungarian Algorithm Benchmark (PARALLEL)
Scenario: xlarge
━━━━━━━━━━━━━━━━━━━━━━━━━━━━━━━━━━━━━━━━━━━━━━━━━━━━━━━━━━━━
Matrix: 250×500 | Cores: 8

Matrix shape: (250, 500)
Matrix dtype: float64
Load time (parallel): 2136.989 ms

✓ Algorithm completed successfully
  Assignments: 250
  Total cost: 94264.98
  Load time: 2136.989 ms
  Algorithm time: 0.936 ms
  Total time: 2137.925 ms
  Memory used: 7.75 MB

✓ Results appended to /results/python_results.json
━━━━━━━━━━━━━━━━━━━━━━━━━━━━━━━━━━━━━━━━━━━━━━━━━━━━━━━━━━━━
BENCHMARK SUMMARY
━━━━━━━━━━━━━━━━━━━━━━━━━━━━━━━━━━━━━━━━━━━━━━━━━━━━━━━━━━━━
Language:        Python
Implementation:  scipy.optimize.linear_sum_assignment (parallel)
Scenario:        xlarge
Matrix Size:     250x500
Execution Time:  0.936 ms
Memory Used:     7.75 MB
Solution Cost:   94264.98
Success:         ✓
━━━━━━━━━━━━━━━━━━━━━━━━━━━━━━━━━━━━━━━━━━━━━━━━━━━━━━━━━━━━

━━━━━━━━━━━━━━━━━━━━━━━━━━━━━━━━━━━━━━━━━━━━━━━━━━━━━━━━━━━
Running xxlarge (500×1000) - SEQUENTIAL (1 core)
time="2026-02-08T11:28:54+05:30" level=warning msg="/Users/ankur.a/g_orange/hungarian-benchmark/docker-compose.yml: the attribute `version` is obsolete, it will be ignored, please remove it to avoid potential confusion"
time="2026-02-08T11:28:54+05:30" level=warning msg="Found orphan containers ([hungarian-generator]) for this project. If you removed or renamed this service in your compose file, you can run this command with the --remove-orphans flag to clean it up."
 Container hungarian-benchmark-python-run-1ac4cae4c892 Creating 
 Container hungarian-benchmark-python-run-1ac4cae4c892 Created 
Running Python Hungarian Algorithm Benchmark (SEQUENTIAL)
Scenario: xxlarge
━━━━━━━━━━━━━━━━━━━━━━━━━━━━━━━━━━━━━━━━━━━━━━━━━━━━━━━━━━━━
Matrix: 500×1000 | Cores: 1

Matrix shape: (500, 1000)
Matrix dtype: float64
Load time (sequential): 27292.503 ms

✓ Algorithm completed successfully
  Assignments: 500
  Total cost: 155822.44
  Load time: 27292.503 ms
  Algorithm time: 3.518 ms
  Total time: 27296.021 ms
  Memory used: 22.90 MB

✓ Results appended to /results/python_results.json
━━━━━━━━━━━━━━━━━━━━━━━━━━━━━━━━━━━━━━━━━━━━━━━━━━━━━━━━━━━━
BENCHMARK SUMMARY
━━━━━━━━━━━━━━━━━━━━━━━━━━━━━━━━━━━━━━━━━━━━━━━━━━━━━━━━━━━━
Language:        Python
Implementation:  scipy.optimize.linear_sum_assignment (sequential)
Scenario:        xxlarge
Matrix Size:     500x1000
Execution Time:  3.518 ms
Memory Used:     22.90 MB
Solution Cost:   155822.44
Success:         ✓
━━━━━━━━━━━━━━━━━━━━━━━━━━━━━━━━━━━━━━━━━━━━━━━━━━━━━━━━━━━━

━━━━━━━━━━━━━━━━━━━━━━━━━━━━━━━━━━━━━━━━━━━━━━━━━━━━━━━━━━━
Running xxlarge (500×1000) - PARALLEL (8 cores)
time="2026-02-08T11:29:23+05:30" level=warning msg="/Users/ankur.a/g_orange/hungarian-benchmark/docker-compose.yml: the attribute `version` is obsolete, it will be ignored, please remove it to avoid potential confusion"
time="2026-02-08T11:29:24+05:30" level=warning msg="Found orphan containers ([hungarian-generator]) for this project. If you removed or renamed this service in your compose file, you can run this command with the --remove-orphans flag to clean it up."
 Container hungarian-benchmark-python-run-f4984c02cefd Creating 
 Container hungarian-benchmark-python-run-f4984c02cefd Created 
Running Python Hungarian Algorithm Benchmark (PARALLEL)
Scenario: xxlarge
━━━━━━━━━━━━━━━━━━━━━━━━━━━━━━━━━━━━━━━━━━━━━━━━━━━━━━━━━━━━
Matrix: 500×1000 | Cores: 8

Matrix shape: (500, 1000)
Matrix dtype: float64
Load time (parallel): 10988.700 ms

✓ Algorithm completed successfully
  Assignments: 500
  Total cost: 155822.44
  Load time: 10988.700 ms
  Algorithm time: 7.335 ms
  Total time: 10996.036 ms
  Memory used: 25.11 MB

✓ Results appended to /results/python_results.json
━━━━━━━━━━━━━━━━━━━━━━━━━━━━━━━━━━━━━━━━━━━━━━━━━━━━━━━━━━━━
BENCHMARK SUMMARY
━━━━━━━━━━━━━━━━━━━━━━━━━━━━━━━━━━━━━━━━━━━━━━━━━━━━━━━━━━━━
Language:        Python
Implementation:  scipy.optimize.linear_sum_assignment (parallel)
Scenario:        xxlarge
Matrix Size:     500x1000
Execution Time:  7.335 ms
Memory Used:     25.11 MB
Solution Cost:   155822.44
Success:         ✓
━━━━━━━━━━━━━━━━━━━━━━━━━━━━━━━━━━━━━━━━━━━━━━━━━━━━━━━━━━━━
✅ Python results copied to ./results/

🔷 Running Golang benchmarks...

━━━━━━━━━━━━━━━━━━━━━━━━━━━━━━━━━━━━━━━━━━━━━━━━━━━━━━━━━━━
Running small (10×20) - SEQUENTIAL (1 core)
time="2026-02-08T11:29:38+05:30" level=warning msg="/Users/ankur.a/g_orange/hungarian-benchmark/docker-compose.yml: the attribute `version` is obsolete, it will be ignored, please remove it to avoid potential confusion"
time="2026-02-08T11:29:38+05:30" level=warning msg="Found orphan containers ([hungarian-generator]) for this project. If you removed or renamed this service in your compose file, you can run this command with the --remove-orphans flag to clean it up."
 Container hungarian-benchmark-golang-run-3f3210dca61a Creating 
 Container hungarian-benchmark-golang-run-3f3210dca61a Created 
Running Golang Hungarian Algorithm Benchmark (SEQUENTIAL)
Scenario: small
━━━━━━━━━━━━━━━━━━━━━━━━━━━━━━━━━━━━━━━━━━━━━━
Matrix: 10×20 | Cores: 1

  Running Hungarian on 20x20 matrix
  Got 20 assignments
✓ Algorithm completed successfully
  Assignments: 20
  Total cost: 9823.71
  Load time (sequential): 1.384 ms
  Algorithm time: 0.119 ms
  Total time: 1.503 ms
  Memory used: 0 MB

✓ Results appended to /results/golang_results.json
━━━━━━━━━━━━━━━━━━━━━━━━━━━━━━━━━━━━━━━━━━━━━━
BENCHMARK SUMMARY
━━━━━━━━━━━━━━━━━━━━━━━━━━━━━━━━━━━━━━━━━━━━━━
Language:        Golang
Implementation:  hungarian-algorithm (sequential)
Scenario:        small
Matrix Size:     10x20
Execution Time:  0.119 ms
Memory Used:     0 MB
Solution Cost:   9823.71
Success:         true
━━━━━━━━━━━━━━━━━━━━━━━━━━━━━━━━━━━━━━━━━━━━━━

━━━━━━━━━━━━━━━━━━━━━━━━━━━━━━━━━━━━━━━━━━━━━━━━━━━━━━━━━━━
Running small (10×20) - PARALLEL (8 cores)
time="2026-02-08T11:29:39+05:30" level=warning msg="/Users/ankur.a/g_orange/hungarian-benchmark/docker-compose.yml: the attribute `version` is obsolete, it will be ignored, please remove it to avoid potential confusion"
time="2026-02-08T11:29:39+05:30" level=warning msg="Found orphan containers ([hungarian-generator]) for this project. If you removed or renamed this service in your compose file, you can run this command with the --remove-orphans flag to clean it up."
 Container hungarian-benchmark-golang-run-3cdcaa846cb1 Creating 
 Container hungarian-benchmark-golang-run-3cdcaa846cb1 Created 
Running Golang Hungarian Algorithm Benchmark (PARALLEL)
Scenario: small
━━━━━━━━━━━━━━━━━━━━━━━━━━━━━━━━━━━━━━━━━━━━━━
Matrix: 10×20 | Cores: 8

  Running Hungarian on 20x20 matrix
  Got 20 assignments
✓ Algorithm completed successfully
  Assignments: 20
  Total cost: 9823.71
  Load time (parallel): 0.295 ms
  Algorithm time: 0.024 ms
  Total time: 0.319 ms
  Memory used: 0 MB

✓ Results appended to /results/golang_results.json
━━━━━━━━━━━━━━━━━━━━━━━━━━━━━━━━━━━━━━━━━━━━━━
BENCHMARK SUMMARY
━━━━━━━━━━━━━━━━━━━━━━━━━━━━━━━━━━━━━━━━━━━━━━
Language:        Golang
Implementation:  hungarian-algorithm (parallel)
Scenario:        small
Matrix Size:     10x20
Execution Time:  0.024 ms
Memory Used:     0 MB
Solution Cost:   9823.71
Success:         true
━━━━━━━━━━━━━━━━━━━━━━━━━━━━━━━━━━━━━━━━━━━━━━

━━━━━━━━━━━━━━━━━━━━━━━━━━━━━━━━━━━━━━━━━━━━━━━━━━━━━━━━━━━
Running medium (50×100) - SEQUENTIAL (1 core)
time="2026-02-08T11:29:40+05:30" level=warning msg="/Users/ankur.a/g_orange/hungarian-benchmark/docker-compose.yml: the attribute `version` is obsolete, it will be ignored, please remove it to avoid potential confusion"
time="2026-02-08T11:29:40+05:30" level=warning msg="Found orphan containers ([hungarian-generator]) for this project. If you removed or renamed this service in your compose file, you can run this command with the --remove-orphans flag to clean it up."
 Container hungarian-benchmark-golang-run-9afbaa20c845 Creating 
 Container hungarian-benchmark-golang-run-9afbaa20c845 Created 
Running Golang Hungarian Algorithm Benchmark (SEQUENTIAL)
Scenario: medium
━━━━━━━━━━━━━━━━━━━━━━━━━━━━━━━━━━━━━━━━━━━━━━
Matrix: 50×100 | Cores: 1

  Running Hungarian on 100x100 matrix
  Got 100 assignments
✓ Algorithm completed successfully
  Assignments: 100
  Total cost: 34748.67
  Load time (sequential): 20.690 ms
  Algorithm time: 0.367 ms
  Total time: 21.057 ms
  Memory used: 1 MB

✓ Results appended to /results/golang_results.json
━━━━━━━━━━━━━━━━━━━━━━━━━━━━━━━━━━━━━━━━━━━━━━
BENCHMARK SUMMARY
━━━━━━━━━━━━━━━━━━━━━━━━━━━━━━━━━━━━━━━━━━━━━━
Language:        Golang
Implementation:  hungarian-algorithm (sequential)
Scenario:        medium
Matrix Size:     50x100
Execution Time:  0.367 ms
Memory Used:     1 MB
Solution Cost:   34748.67
Success:         true
━━━━━━━━━━━━━━━━━━━━━━━━━━━━━━━━━━━━━━━━━━━━━━

━━━━━━━━━━━━━━━━━━━━━━━━━━━━━━━━━━━━━━━━━━━━━━━━━━━━━━━━━━━
Running medium (50×100) - PARALLEL (8 cores)
time="2026-02-08T11:29:41+05:30" level=warning msg="/Users/ankur.a/g_orange/hungarian-benchmark/docker-compose.yml: the attribute `version` is obsolete, it will be ignored, please remove it to avoid potential confusion"
time="2026-02-08T11:29:41+05:30" level=warning msg="Found orphan containers ([hungarian-generator]) for this project. If you removed or renamed this service in your compose file, you can run this command with the --remove-orphans flag to clean it up."
 Container hungarian-benchmark-golang-run-8fbdfe1aaa74 Creating 
 Container hungarian-benchmark-golang-run-8fbdfe1aaa74 Created 
Running Golang Hungarian Algorithm Benchmark (PARALLEL)
Scenario: medium
━━━━━━━━━━━━━━━━━━━━━━━━━━━━━━━━━━━━━━━━━━━━━━
Matrix: 50×100 | Cores: 8

  Running Hungarian on 100x100 matrix
  Got 100 assignments
✓ Algorithm completed successfully
  Assignments: 100
  Total cost: 34748.67
  Load time (parallel): 8.581 ms
  Algorithm time: 2.689 ms
  Total time: 11.270 ms
  Memory used: 1 MB

✓ Results appended to /results/golang_results.json
━━━━━━━━━━━━━━━━━━━━━━━━━━━━━━━━━━━━━━━━━━━━━━
BENCHMARK SUMMARY
━━━━━━━━━━━━━━━━━━━━━━━━━━━━━━━━━━━━━━━━━━━━━━
Language:        Golang
Implementation:  hungarian-algorithm (parallel)
Scenario:        medium
Matrix Size:     50x100
Execution Time:  2.689 ms
Memory Used:     1 MB
Solution Cost:   34748.67
Success:         true
━━━━━━━━━━━━━━━━━━━━━━━━━━━━━━━━━━━━━━━━━━━━━━

━━━━━━━━━━━━━━━━━━━━━━━━━━━━━━━━━━━━━━━━━━━━━━━━━━━━━━━━━━━
Running large (100×200) - SEQUENTIAL (1 core)
time="2026-02-08T11:29:42+05:30" level=warning msg="/Users/ankur.a/g_orange/hungarian-benchmark/docker-compose.yml: the attribute `version` is obsolete, it will be ignored, please remove it to avoid potential confusion"
time="2026-02-08T11:29:42+05:30" level=warning msg="Found orphan containers ([hungarian-generator]) for this project. If you removed or renamed this service in your compose file, you can run this command with the --remove-orphans flag to clean it up."
 Container hungarian-benchmark-golang-run-62f5e7635e19 Creating 
 Container hungarian-benchmark-golang-run-62f5e7635e19 Created 
Running Golang Hungarian Algorithm Benchmark (SEQUENTIAL)
Scenario: large
━━━━━━━━━━━━━━━━━━━━━━━━━━━━━━━━━━━━━━━━━━━━━━
Matrix: 100×200 | Cores: 1

  Running Hungarian on 200x200 matrix
  Got 200 assignments
✓ Algorithm completed successfully
  Assignments: 200
  Total cost: 51220.32
  Load time (sequential): 63.289 ms
  Algorithm time: 0.654 ms
  Total time: 63.943 ms
  Memory used: 2 MB

✓ Results appended to /results/golang_results.json
━━━━━━━━━━━━━━━━━━━━━━━━━━━━━━━━━━━━━━━━━━━━━━
BENCHMARK SUMMARY
━━━━━━━━━━━━━━━━━━━━━━━━━━━━━━━━━━━━━━━━━━━━━━
Language:        Golang
Implementation:  hungarian-algorithm (sequential)
Scenario:        large
Matrix Size:     100x200
Execution Time:  0.654 ms
Memory Used:     2 MB
Solution Cost:   51220.32
Success:         true
━━━━━━━━━━━━━━━━━━━━━━━━━━━━━━━━━━━━━━━━━━━━━━

━━━━━━━━━━━━━━━━━━━━━━━━━━━━━━━━━━━━━━━━━━━━━━━━━━━━━━━━━━━
Running large (100×200) - PARALLEL (8 cores)
time="2026-02-08T11:29:43+05:30" level=warning msg="/Users/ankur.a/g_orange/hungarian-benchmark/docker-compose.yml: the attribute `version` is obsolete, it will be ignored, please remove it to avoid potential confusion"
time="2026-02-08T11:29:43+05:30" level=warning msg="Found orphan containers ([hungarian-generator]) for this project. If you removed or renamed this service in your compose file, you can run this command with the --remove-orphans flag to clean it up."
 Container hungarian-benchmark-golang-run-002758759dd5 Creating 
 Container hungarian-benchmark-golang-run-002758759dd5 Created 
Running Golang Hungarian Algorithm Benchmark (PARALLEL)
Scenario: large
━━━━━━━━━━━━━━━━━━━━━━━━━━━━━━━━━━━━━━━━━━━━━━
Matrix: 100×200 | Cores: 8

  Running Hungarian on 200x200 matrix
  Got 200 assignments
✓ Algorithm completed successfully
  Assignments: 200
  Total cost: 51220.32
  Load time (parallel): 15.894 ms
  Algorithm time: 0.466 ms
  Total time: 16.360 ms
  Memory used: 2 MB

✓ Results appended to /results/golang_results.json
━━━━━━━━━━━━━━━━━━━━━━━━━━━━━━━━━━━━━━━━━━━━━━
BENCHMARK SUMMARY
━━━━━━━━━━━━━━━━━━━━━━━━━━━━━━━━━━━━━━━━━━━━━━
Language:        Golang
Implementation:  hungarian-algorithm (parallel)
Scenario:        large
Matrix Size:     100x200
Execution Time:  0.466 ms
Memory Used:     2 MB
Solution Cost:   51220.32
Success:         true
━━━━━━━━━━━━━━━━━━━━━━━━━━━━━━━━━━━━━━━━━━━━━━

━━━━━━━━━━━━━━━━━━━━━━━━━━━━━━━━━━━━━━━━━━━━━━━━━━━━━━━━━━━
Running xlarge (250×500) - SEQUENTIAL (1 core)
time="2026-02-08T11:29:44+05:30" level=warning msg="/Users/ankur.a/g_orange/hungarian-benchmark/docker-compose.yml: the attribute `version` is obsolete, it will be ignored, please remove it to avoid potential confusion"
time="2026-02-08T11:29:44+05:30" level=warning msg="Found orphan containers ([hungarian-generator]) for this project. If you removed or renamed this service in your compose file, you can run this command with the --remove-orphans flag to clean it up."
 Container hungarian-benchmark-golang-run-d72466641604 Creating 
 Container hungarian-benchmark-golang-run-d72466641604 Created 
Running Golang Hungarian Algorithm Benchmark (SEQUENTIAL)
Scenario: xlarge
━━━━━━━━━━━━━━━━━━━━━━━━━━━━━━━━━━━━━━━━━━━━━━
Matrix: 250×500 | Cores: 1

  Running Hungarian on 500x500 matrix
  Got 500 assignments
✓ Algorithm completed successfully
  Assignments: 500
  Total cost: 98210.72
  Load time (sequential): 566.621 ms
  Algorithm time: 5.038 ms
  Total time: 571.659 ms
  Memory used: 7 MB

✓ Results appended to /results/golang_results.json
━━━━━━━━━━━━━━━━━━━━━━━━━━━━━━━━━━━━━━━━━━━━━━
BENCHMARK SUMMARY
━━━━━━━━━━━━━━━━━━━━━━━━━━━━━━━━━━━━━━━━━━━━━━
Language:        Golang
Implementation:  hungarian-algorithm (sequential)
Scenario:        xlarge
Matrix Size:     250x500
Execution Time:  5.038 ms
Memory Used:     7 MB
Solution Cost:   98210.72
Success:         true
━━━━━━━━━━━━━━━━━━━━━━━━━━━━━━━━━━━━━━━━━━━━━━

━━━━━━━━━━━━━━━━━━━━━━━━━━━━━━━━━━━━━━━━━━━━━━━━━━━━━━━━━━━
Running xlarge (250×500) - PARALLEL (8 cores)
time="2026-02-08T11:29:46+05:30" level=warning msg="/Users/ankur.a/g_orange/hungarian-benchmark/docker-compose.yml: the attribute `version` is obsolete, it will be ignored, please remove it to avoid potential confusion"
time="2026-02-08T11:29:46+05:30" level=warning msg="Found orphan containers ([hungarian-generator]) for this project. If you removed or renamed this service in your compose file, you can run this command with the --remove-orphans flag to clean it up."
 Container hungarian-benchmark-golang-run-faf0f8c3afea Creating 
 Container hungarian-benchmark-golang-run-faf0f8c3afea Created 
Running Golang Hungarian Algorithm Benchmark (PARALLEL)
Scenario: xlarge
━━━━━━━━━━━━━━━━━━━━━━━━━━━━━━━━━━━━━━━━━━━━━━
Matrix: 250×500 | Cores: 8

  Running Hungarian on 500x500 matrix
  Got 500 assignments
✓ Algorithm completed successfully
  Assignments: 500
  Total cost: 98210.72
  Load time (parallel): 109.381 ms
  Algorithm time: 7.082 ms
  Total time: 116.463 ms
  Memory used: 10 MB

✓ Results appended to /results/golang_results.json
━━━━━━━━━━━━━━━━━━━━━━━━━━━━━━━━━━━━━━━━━━━━━━
BENCHMARK SUMMARY
━━━━━━━━━━━━━━━━━━━━━━━━━━━━━━━━━━━━━━━━━━━━━━
Language:        Golang
Implementation:  hungarian-algorithm (parallel)
Scenario:        xlarge
Matrix Size:     250x500
Execution Time:  7.082 ms
Memory Used:     10 MB
Solution Cost:   98210.72
Success:         true
━━━━━━━━━━━━━━━━━━━━━━━━━━━━━━━━━━━━━━━━━━━━━━

━━━━━━━━━━━━━━━━━━━━━━━━━━━━━━━━━━━━━━━━━━━━━━━━━━━━━━━━━━━
Running xxlarge (500×1000) - SEQUENTIAL (1 core)
time="2026-02-08T11:29:47+05:30" level=warning msg="/Users/ankur.a/g_orange/hungarian-benchmark/docker-compose.yml: the attribute `version` is obsolete, it will be ignored, please remove it to avoid potential confusion"
time="2026-02-08T11:29:47+05:30" level=warning msg="Found orphan containers ([hungarian-generator]) for this project. If you removed or renamed this service in your compose file, you can run this command with the --remove-orphans flag to clean it up."
 Container hungarian-benchmark-golang-run-977fb22b019a Creating 
 Container hungarian-benchmark-golang-run-977fb22b019a Created 
Running Golang Hungarian Algorithm Benchmark (SEQUENTIAL)
Scenario: xxlarge
━━━━━━━━━━━━━━━━━━━━━━━━━━━━━━━━━━━━━━━━━━━━━━
Matrix: 500×1000 | Cores: 1

  Running Hungarian on 1000x1000 matrix
  Got 1000 assignments
✓ Algorithm completed successfully
  Assignments: 1000
  Total cost: 162452.60
  Load time (sequential): 2216.458 ms
  Algorithm time: 69.510 ms
  Total time: 2285.968 ms
  Memory used: 38 MB

✓ Results appended to /results/golang_results.json
━━━━━━━━━━━━━━━━━━━━━━━━━━━━━━━━━━━━━━━━━━━━━━
BENCHMARK SUMMARY
━━━━━━━━━━━━━━━━━━━━━━━━━━━━━━━━━━━━━━━━━━━━━━
Language:        Golang
Implementation:  hungarian-algorithm (sequential)
Scenario:        xxlarge
Matrix Size:     500x1000
Execution Time:  69.510 ms
Memory Used:     38 MB
Solution Cost:   162452.60
Success:         true
━━━━━━━━━━━━━━━━━━━━━━━━━━━━━━━━━━━━━━━━━━━━━━

━━━━━━━━━━━━━━━━━━━━━━━━━━━━━━━━━━━━━━━━━━━━━━━━━━━━━━━━━━━
Running xxlarge (500×1000) - PARALLEL (8 cores)
time="2026-02-08T11:29:51+05:30" level=warning msg="/Users/ankur.a/g_orange/hungarian-benchmark/docker-compose.yml: the attribute `version` is obsolete, it will be ignored, please remove it to avoid potential confusion"
time="2026-02-08T11:29:51+05:30" level=warning msg="Found orphan containers ([hungarian-generator]) for this project. If you removed or renamed this service in your compose file, you can run this command with the --remove-orphans flag to clean it up."
 Container hungarian-benchmark-golang-run-fba26b818993 Creating 
 Container hungarian-benchmark-golang-run-fba26b818993 Created 
Running Golang Hungarian Algorithm Benchmark (PARALLEL)
Scenario: xxlarge
━━━━━━━━━━━━━━━━━━━━━━━━━━━━━━━━━━━━━━━━━━━━━━
Matrix: 500×1000 | Cores: 8

  Running Hungarian on 1000x1000 matrix
  Got 1000 assignments
✓ Algorithm completed successfully
  Assignments: 1000
  Total cost: 162452.60
  Load time (parallel): 618.901 ms
  Algorithm time: 62.112 ms
  Total time: 681.013 ms
  Memory used: 26 MB

✓ Results appended to /results/golang_results.json
━━━━━━━━━━━━━━━━━━━━━━━━━━━━━━━━━━━━━━━━━━━━━━
BENCHMARK SUMMARY
━━━━━━━━━━━━━━━━━━━━━━━━━━━━━━━━━━━━━━━━━━━━━━
Language:        Golang
Implementation:  hungarian-algorithm (parallel)
Scenario:        xxlarge
Matrix Size:     500x1000
Execution Time:  62.112 ms
Memory Used:     26 MB
Solution Cost:   162452.60
Success:         true
━━━━━━━━━━━━━━━━━━━━━━━━━━━━━━━━━━━━━━━━━━━━━━
✅ Golang results copied to ./results/

🦀 Running Rust benchmarks...

━━━━━━━━━━━━━━━━━━━━━━━━━━━━━━━━━━━━━━━━━━━━━━━━━━━━━━━━━━━
Running small (10×20) - SEQUENTIAL (1 core)
time="2026-02-08T11:29:53+05:30" level=warning msg="/Users/ankur.a/g_orange/hungarian-benchmark/docker-compose.yml: the attribute `version` is obsolete, it will be ignored, please remove it to avoid potential confusion"
time="2026-02-08T11:29:53+05:30" level=warning msg="Found orphan containers ([hungarian-generator]) for this project. If you removed or renamed this service in your compose file, you can run this command with the --remove-orphans flag to clean it up."
 Container hungarian-benchmark-rust-run-c566ef72803b Creating 
 Container hungarian-benchmark-rust-run-c566ef72803b Created 
Running Rust Hungarian Algorithm Benchmark (SEQUENTIAL)
Scenario: small
━━━━━━━━━━━━━━━━━━━━━━━━━━━━━━━━━━━━━━━━━━━━━━
Matrix: 10×20 | Cores: 1

✓ Algorithm completed successfully
  Assignments: 10
  Total cost: 11591.28
  Load time (sequential): 4.423 ms
  Algorithm time: 0.033 ms
  Total time: 4.456 ms
  Memory used: 0 MB

✓ Results appended to /results/rust_results.json
━━━━━━━━━━━━━━━━━━━━━━━━━━━━━━━━━━━━━━━━━━━━━━
BENCHMARK SUMMARY
━━━━━━━━━━━━━━━━━━━━━━━━━━━━━━━━━━━━━━━━━━━━━━
Language:        Rust
Implementation:  pathfinding::kuhn_munkres (sequential)
Scenario:        small
Matrix Size:     10x20
Execution Time:  0.033 ms
Memory Used:     0 MB
Solution Cost:   11591.28
Success:         ✓
━━━━━━━━━━━━━━━━━━━━━━━━━━━━━━━━━━━━━━━━━━━━━━

━━━━━━━━━━━━━━━━━━━━━━━━━━━━━━━━━━━━━━━━━━━━━━━━━━━━━━━━━━━
Running small (10×20) - PARALLEL (8 cores)
time="2026-02-08T11:29:54+05:30" level=warning msg="/Users/ankur.a/g_orange/hungarian-benchmark/docker-compose.yml: the attribute `version` is obsolete, it will be ignored, please remove it to avoid potential confusion"
time="2026-02-08T11:29:54+05:30" level=warning msg="Found orphan containers ([hungarian-generator]) for this project. If you removed or renamed this service in your compose file, you can run this command with the --remove-orphans flag to clean it up."
 Container hungarian-benchmark-rust-run-a5a120ab471e Creating 
 Container hungarian-benchmark-rust-run-a5a120ab471e Created 
Running Rust Hungarian Algorithm Benchmark (PARALLEL)
Scenario: small
━━━━━━━━━━━━━━━━━━━━━━━━━━━━━━━━━━━━━━━━━━━━━━
Matrix: 10×20 | Cores: 8

✓ Algorithm completed successfully
  Assignments: 10
  Total cost: 11591.28
  Load time (parallel): 1.335 ms
  Algorithm time: 0.021 ms
  Total time: 1.357 ms
  Memory used: 0 MB

✓ Results appended to /results/rust_results.json
━━━━━━━━━━━━━━━━━━━━━━━━━━━━━━━━━━━━━━━━━━━━━━
BENCHMARK SUMMARY
━━━━━━━━━━━━━━━━━━━━━━━━━━━━━━━━━━━━━━━━━━━━━━
Language:        Rust
Implementation:  pathfinding::kuhn_munkres (parallel)
Scenario:        small
Matrix Size:     10x20
Execution Time:  0.021 ms
Memory Used:     0 MB
Solution Cost:   11591.28
Success:         ✓
━━━━━━━━━━━━━━━━━━━━━━━━━━━━━━━━━━━━━━━━━━━━━━

━━━━━━━━━━━━━━━━━━━━━━━━━━━━━━━━━━━━━━━━━━━━━━━━━━━━━━━━━━━
Running medium (50×100) - SEQUENTIAL (1 core)
time="2026-02-08T11:29:55+05:30" level=warning msg="/Users/ankur.a/g_orange/hungarian-benchmark/docker-compose.yml: the attribute `version` is obsolete, it will be ignored, please remove it to avoid potential confusion"
time="2026-02-08T11:29:55+05:30" level=warning msg="Found orphan containers ([hungarian-generator]) for this project. If you removed or renamed this service in your compose file, you can run this command with the --remove-orphans flag to clean it up."
 Container hungarian-benchmark-rust-run-84ea57a9af5d Creating 
 Container hungarian-benchmark-rust-run-84ea57a9af5d Created 
Running Rust Hungarian Algorithm Benchmark (SEQUENTIAL)
Scenario: medium
━━━━━━━━━━━━━━━━━━━━━━━━━━━━━━━━━━━━━━━━━━━━━━
Matrix: 50×100 | Cores: 1

✓ Algorithm completed successfully
  Assignments: 50
  Total cost: 29522.13
  Load time (sequential): 49.868 ms
  Algorithm time: 0.050 ms
  Total time: 49.919 ms
  Memory used: 0 MB

✓ Results appended to /results/rust_results.json
━━━━━━━━━━━━━━━━━━━━━━━━━━━━━━━━━━━━━━━━━━━━━━
BENCHMARK SUMMARY
━━━━━━━━━━━━━━━━━━━━━━━━━━━━━━━━━━━━━━━━━━━━━━
Language:        Rust
Implementation:  pathfinding::kuhn_munkres (sequential)
Scenario:        medium
Matrix Size:     50x100
Execution Time:  0.050 ms
Memory Used:     0 MB
Solution Cost:   29522.13
Success:         ✓
━━━━━━━━━━━━━━━━━━━━━━━━━━━━━━━━━━━━━━━━━━━━━━

━━━━━━━━━━━━━━━━━━━━━━━━━━━━━━━━━━━━━━━━━━━━━━━━━━━━━━━━━━━
Running medium (50×100) - PARALLEL (8 cores)
time="2026-02-08T11:29:56+05:30" level=warning msg="/Users/ankur.a/g_orange/hungarian-benchmark/docker-compose.yml: the attribute `version` is obsolete, it will be ignored, please remove it to avoid potential confusion"
time="2026-02-08T11:29:56+05:30" level=warning msg="Found orphan containers ([hungarian-generator]) for this project. If you removed or renamed this service in your compose file, you can run this command with the --remove-orphans flag to clean it up."
 Container hungarian-benchmark-rust-run-75e79b4ba7fc Creating 
 Container hungarian-benchmark-rust-run-75e79b4ba7fc Created 
Running Rust Hungarian Algorithm Benchmark (PARALLEL)
Scenario: medium
━━━━━━━━━━━━━━━━━━━━━━━━━━━━━━━━━━━━━━━━━━━━━━
Matrix: 50×100 | Cores: 8

✓ Algorithm completed successfully
  Assignments: 50
  Total cost: 29522.13
  Load time (parallel): 34.046 ms
  Algorithm time: 0.051 ms
  Total time: 34.096 ms
  Memory used: 0 MB

✓ Results appended to /results/rust_results.json
━━━━━━━━━━━━━━━━━━━━━━━━━━━━━━━━━━━━━━━━━━━━━━
BENCHMARK SUMMARY
━━━━━━━━━━━━━━━━━━━━━━━━━━━━━━━━━━━━━━━━━━━━━━
Language:        Rust
Implementation:  pathfinding::kuhn_munkres (parallel)
Scenario:        medium
Matrix Size:     50x100
Execution Time:  0.051 ms
Memory Used:     0 MB
Solution Cost:   29522.13
Success:         ✓
━━━━━━━━━━━━━━━━━━━━━━━━━━━━━━━━━━━━━━━━━━━━━━

━━━━━━━━━━━━━━━━━━━━━━━━━━━━━━━━━━━━━━━━━━━━━━━━━━━━━━━━━━━
Running large (100×200) - SEQUENTIAL (1 core)
time="2026-02-08T11:29:57+05:30" level=warning msg="/Users/ankur.a/g_orange/hungarian-benchmark/docker-compose.yml: the attribute `version` is obsolete, it will be ignored, please remove it to avoid potential confusion"
time="2026-02-08T11:29:57+05:30" level=warning msg="Found orphan containers ([hungarian-generator]) for this project. If you removed or renamed this service in your compose file, you can run this command with the --remove-orphans flag to clean it up."
 Container hungarian-benchmark-rust-run-b9dac913ce1d Creating 
 Container hungarian-benchmark-rust-run-b9dac913ce1d Created 
Running Rust Hungarian Algorithm Benchmark (SEQUENTIAL)
Scenario: large
━━━━━━━━━━━━━━━━━━━━━━━━━━━━━━━━━━━━━━━━━━━━━━
Matrix: 100×200 | Cores: 1

✓ Algorithm completed successfully
  Assignments: 100
  Total cost: 50162.76
  Load time (sequential): 206.389 ms
  Algorithm time: 0.170 ms
  Total time: 206.559 ms
  Memory used: 0 MB

✓ Results appended to /results/rust_results.json
━━━━━━━━━━━━━━━━━━━━━━━━━━━━━━━━━━━━━━━━━━━━━━
BENCHMARK SUMMARY
━━━━━━━━━━━━━━━━━━━━━━━━━━━━━━━━━━━━━━━━━━━━━━
Language:        Rust
Implementation:  pathfinding::kuhn_munkres (sequential)
Scenario:        large
Matrix Size:     100x200
Execution Time:  0.170 ms
Memory Used:     0 MB
Solution Cost:   50162.76
Success:         ✓
━━━━━━━━━━━━━━━━━━━━━━━━━━━━━━━━━━━━━━━━━━━━━━

━━━━━━━━━━━━━━━━━━━━━━━━━━━━━━━━━━━━━━━━━━━━━━━━━━━━━━━━━━━
Running large (100×200) - PARALLEL (8 cores)
time="2026-02-08T11:29:58+05:30" level=warning msg="/Users/ankur.a/g_orange/hungarian-benchmark/docker-compose.yml: the attribute `version` is obsolete, it will be ignored, please remove it to avoid potential confusion"
time="2026-02-08T11:29:59+05:30" level=warning msg="Found orphan containers ([hungarian-generator]) for this project. If you removed or renamed this service in your compose file, you can run this command with the --remove-orphans flag to clean it up."
 Container hungarian-benchmark-rust-run-66c78e029642 Creating 
 Container hungarian-benchmark-rust-run-66c78e029642 Created 
Running Rust Hungarian Algorithm Benchmark (PARALLEL)
Scenario: large
━━━━━━━━━━━━━━━━━━━━━━━━━━━━━━━━━━━━━━━━━━━━━━
Matrix: 100×200 | Cores: 8

✓ Algorithm completed successfully
  Assignments: 100
  Total cost: 50162.76
  Load time (parallel): 59.634 ms
  Algorithm time: 0.168 ms
  Total time: 59.802 ms
  Memory used: 0 MB

✓ Results appended to /results/rust_results.json
━━━━━━━━━━━━━━━━━━━━━━━━━━━━━━━━━━━━━━━━━━━━━━
BENCHMARK SUMMARY
━━━━━━━━━━━━━━━━━━━━━━━━━━━━━━━━━━━━━━━━━━━━━━
Language:        Rust
Implementation:  pathfinding::kuhn_munkres (parallel)
Scenario:        large
Matrix Size:     100x200
Execution Time:  0.168 ms
Memory Used:     0 MB
Solution Cost:   50162.76
Success:         ✓
━━━━━━━━━━━━━━━━━━━━━━━━━━━━━━━━━━━━━━━━━━━━━━

━━━━━━━━━━━━━━━━━━━━━━━━━━━━━━━━━━━━━━━━━━━━━━━━━━━━━━━━━━━
Running xlarge (250×500) - SEQUENTIAL (1 core)
time="2026-02-08T11:29:59+05:30" level=warning msg="/Users/ankur.a/g_orange/hungarian-benchmark/docker-compose.yml: the attribute `version` is obsolete, it will be ignored, please remove it to avoid potential confusion"
time="2026-02-08T11:30:00+05:30" level=warning msg="Found orphan containers ([hungarian-generator]) for this project. If you removed or renamed this service in your compose file, you can run this command with the --remove-orphans flag to clean it up."
 Container hungarian-benchmark-rust-run-6cf5466e94a7 Creating 
 Container hungarian-benchmark-rust-run-6cf5466e94a7 Created 
Running Rust Hungarian Algorithm Benchmark (SEQUENTIAL)
Scenario: xlarge
━━━━━━━━━━━━━━━━━━━━━━━━━━━━━━━━━━━━━━━━━━━━━━
Matrix: 250×500 | Cores: 1

✓ Algorithm completed successfully
  Assignments: 250
  Total cost: 96641.08
  Load time (sequential): 1218.815 ms
  Algorithm time: 0.630 ms
  Total time: 1219.445 ms
  Memory used: 1 MB

✓ Results appended to /results/rust_results.json
━━━━━━━━━━━━━━━━━━━━━━━━━━━━━━━━━━━━━━━━━━━━━━
BENCHMARK SUMMARY
━━━━━━━━━━━━━━━━━━━━━━━━━━━━━━━━━━━━━━━━━━━━━━
Language:        Rust
Implementation:  pathfinding::kuhn_munkres (sequential)
Scenario:        xlarge
Matrix Size:     250x500
Execution Time:  0.630 ms
Memory Used:     1 MB
Solution Cost:   96641.08
Success:         ✓
━━━━━━━━━━━━━━━━━━━━━━━━━━━━━━━━━━━━━━━━━━━━━━

━━━━━━━━━━━━━━━━━━━━━━━━━━━━━━━━━━━━━━━━━━━━━━━━━━━━━━━━━━━
Running xlarge (250×500) - PARALLEL (8 cores)
time="2026-02-08T11:30:02+05:30" level=warning msg="/Users/ankur.a/g_orange/hungarian-benchmark/docker-compose.yml: the attribute `version` is obsolete, it will be ignored, please remove it to avoid potential confusion"
time="2026-02-08T11:30:02+05:30" level=warning msg="Found orphan containers ([hungarian-generator]) for this project. If you removed or renamed this service in your compose file, you can run this command with the --remove-orphans flag to clean it up."
 Container hungarian-benchmark-rust-run-d4f19455d71f Creating 
 Container hungarian-benchmark-rust-run-d4f19455d71f Created 
Running Rust Hungarian Algorithm Benchmark (PARALLEL)
Scenario: xlarge
━━━━━━━━━━━━━━━━━━━━━━━━━━━━━━━━━━━━━━━━━━━━━━
Matrix: 250×500 | Cores: 8

✓ Algorithm completed successfully
  Assignments: 250
  Total cost: 96641.08
  Load time (parallel): 366.420 ms
  Algorithm time: 0.704 ms
  Total time: 367.124 ms
  Memory used: 2 MB

✓ Results appended to /results/rust_results.json
━━━━━━━━━━━━━━━━━━━━━━━━━━━━━━━━━━━━━━━━━━━━━━
BENCHMARK SUMMARY
━━━━━━━━━━━━━━━━━━━━━━━━━━━━━━━━━━━━━━━━━━━━━━
Language:        Rust
Implementation:  pathfinding::kuhn_munkres (parallel)
Scenario:        xlarge
Matrix Size:     250x500
Execution Time:  0.704 ms
Memory Used:     2 MB
Solution Cost:   96641.08
Success:         ✓
━━━━━━━━━━━━━━━━━━━━━━━━━━━━━━━━━━━━━━━━━━━━━━

━━━━━━━━━━━━━━━━━━━━━━━━━━━━━━━━━━━━━━━━━━━━━━━━━━━━━━━━━━━
Running xxlarge (500×1000) - SEQUENTIAL (1 core)
time="2026-02-08T11:30:03+05:30" level=warning msg="/Users/ankur.a/g_orange/hungarian-benchmark/docker-compose.yml: the attribute `version` is obsolete, it will be ignored, please remove it to avoid potential confusion"
time="2026-02-08T11:30:03+05:30" level=warning msg="Found orphan containers ([hungarian-generator]) for this project. If you removed or renamed this service in your compose file, you can run this command with the --remove-orphans flag to clean it up."
 Container hungarian-benchmark-rust-run-bc3694da77d8 Creating 
 Container hungarian-benchmark-rust-run-bc3694da77d8 Created 
Running Rust Hungarian Algorithm Benchmark (SEQUENTIAL)
Scenario: xxlarge
━━━━━━━━━━━━━━━━━━━━━━━━━━━━━━━━━━━━━━━━━━━━━━
Matrix: 500×1000 | Cores: 1

✓ Algorithm completed successfully
  Assignments: 500
  Total cost: 160146.59
  Load time (sequential): 5163.550 ms
  Algorithm time: 2.224 ms
  Total time: 5165.774 ms
  Memory used: 7 MB

✓ Results appended to /results/rust_results.json
━━━━━━━━━━━━━━━━━━━━━━━━━━━━━━━━━━━━━━━━━━━━━━
BENCHMARK SUMMARY
━━━━━━━━━━━━━━━━━━━━━━━━━━━━━━━━━━━━━━━━━━━━━━
Language:        Rust
Implementation:  pathfinding::kuhn_munkres (sequential)
Scenario:        xxlarge
Matrix Size:     500x1000
Execution Time:  2.224 ms
Memory Used:     7 MB
Solution Cost:   160146.59
Success:         ✓
━━━━━━━━━━━━━━━━━━━━━━━━━━━━━━━━━━━━━━━━━━━━━━

━━━━━━━━━━━━━━━━━━━━━━━━━━━━━━━━━━━━━━━━━━━━━━━━━━━━━━━━━━━
Running xxlarge (500×1000) - PARALLEL (8 cores)
time="2026-02-08T11:30:09+05:30" level=warning msg="/Users/ankur.a/g_orange/hungarian-benchmark/docker-compose.yml: the attribute `version` is obsolete, it will be ignored, please remove it to avoid potential confusion"
time="2026-02-08T11:30:09+05:30" level=warning msg="Found orphan containers ([hungarian-generator]) for this project. If you removed or renamed this service in your compose file, you can run this command with the --remove-orphans flag to clean it up."
 Container hungarian-benchmark-rust-run-3e931ca864c2 Creating 
 Container hungarian-benchmark-rust-run-3e931ca864c2 Created 
Running Rust Hungarian Algorithm Benchmark (PARALLEL)
Scenario: xxlarge
━━━━━━━━━━━━━━━━━━━━━━━━━━━━━━━━━━━━━━━━━━━━━━
Matrix: 500×1000 | Cores: 8

✓ Algorithm completed successfully
  Assignments: 500
  Total cost: 160146.59
  Load time (parallel): 1524.577 ms
  Algorithm time: 2.756 ms
  Total time: 1527.333 ms
  Memory used: 7 MB

✓ Results appended to /results/rust_results.json
━━━━━━━━━━━━━━━━━━━━━━━━━━━━━━━━━━━━━━━━━━━━━━
BENCHMARK SUMMARY
━━━━━━━━━━━━━━━━━━━━━━━━━━━━━━━━━━━━━━━━━━━━━━
Language:        Rust
Implementation:  pathfinding::kuhn_munkres (parallel)
Scenario:        xxlarge
Matrix Size:     500x1000
Execution Time:  2.756 ms
Memory Used:     7 MB
Solution Cost:   160146.59
Success:         ✓
━━━━━━━━━━━━━━━━━━━━━━━━━━━━━━━━━━━━━━━━━━━━━━
✅ Rust results copied to ./results/

📊 Generating comparison report...
time="2026-02-08T11:30:13+05:30" level=warning msg="/Users/ankur.a/g_orange/hungarian-benchmark/docker-compose.yml: the attribute `version` is obsolete, it will be ignored, please remove it to avoid potential confusion"
time="2026-02-08T11:30:13+05:30" level=warning msg="Found orphan containers ([hungarian-generator]) for this project. If you removed or renamed this service in your compose file, you can run this command with the --remove-orphans flag to clean it up."
 Container hungarian-python Creating 
 Container hungarian-golang Creating 
 Container hungarian-rust Creating 
 Container hungarian-golang Created 
 Container hungarian-rust Created 
 Container hungarian-python Created 
 Container hungarian-python Starting 
 Container hungarian-golang Starting 
 Container hungarian-rust Starting 
 Container hungarian-rust Started 
 Container hungarian-python Started 
 Container hungarian-golang Started 
 Container hungarian-benchmark-reporter-run-3771fce8228b Creating 
 Container hungarian-benchmark-reporter-run-3771fce8228b Created 

================================================================================
  HUNGARIAN ALGORITHM BENCHMARK - COMPARISON RESULTS
================================================================================

Loaded 38 benchmark results


====================================================================================================
  LARGE
====================================================================================================


📊 SEQUENTIAL (1 Core)

+------------+--------------------------------+----------+-------------------+-------------+--------------+---------------+----------------------+----------------+---------+
| Language   | Implementation                 | Matrix   |   Matrix Gen (ms) |   Algo (ms) |   Total (ms) |   Memory (MB) | Matrix Gen Speedup   | Algo Speedup   |    Cost |
+============+================================+==========+===================+=============+==============+===============+======================+================+=========+
| Python     | scipy.optimize.linear_sum_assi | 100x200  |           847.81  |       0.148 |      847.959 |          0.66 | 1.00x                | 1.00x          | 47402.9 |
+------------+--------------------------------+----------+-------------------+-------------+--------------+---------------+----------------------+----------------+---------+
| Rust       | pathfinding::kuhn_munkres (seq | 100x200  |           206.389 |       0.17  |      206.559 |          0    | 4.11x                | 0.87x          | 50162.8 |
+------------+--------------------------------+----------+-------------------+-------------+--------------+---------------+----------------------+----------------+---------+
| Python     | scipy.optimize.linear_sum_assi | 100x200  |          1984.51  |       0.221 |     1984.73  |          0.64 | 0.43x                | 0.67x          | 47402.9 |
+------------+--------------------------------+----------+-------------------+-------------+--------------+---------------+----------------------+----------------+---------+
| Golang     | hungarian-algorithm (sequentia | 100x200  |            63.289 |       0.654 |       63.943 |          2    | ★ 13.40x             | 0.23x          | 51220.3 |
+------------+--------------------------------+----------+-------------------+-------------+--------------+---------------+----------------------+----------------+---------+

🏆 Fastest (Sequential): Python

📊 PARALLEL (8 Cores)

+------------+--------------------------------+----------+-------------------+-------------+--------------+---------------+----------------------+----------------+---------+
| Language   | Implementation                 | Matrix   |   Matrix Gen (ms) |   Algo (ms) |   Total (ms) |   Memory (MB) | Matrix Gen Speedup   | Algo Speedup   |    Cost |
+============+================================+==========+===================+=============+==============+===============+======================+================+=========+
| Python     | scipy.optimize.linear_sum_assi | 100x200  |           254.005 |       0.154 |      254.158 |          2.68 | 1.00x                | 1.00x          | 47402.9 |
+------------+--------------------------------+----------+-------------------+-------------+--------------+---------------+----------------------+----------------+---------+
| Rust       | pathfinding::kuhn_munkres (par | 100x200  |            59.634 |       0.168 |       59.802 |          0    | 4.26x                | 0.92x          | 50162.8 |
+------------+--------------------------------+----------+-------------------+-------------+--------------+---------------+----------------------+----------------+---------+
| Python     | scipy.optimize.linear_sum_assi | 100x200  |           732.631 |       0.191 |      732.822 |          2.62 | 0.35x                | 0.81x          | 47402.9 |
+------------+--------------------------------+----------+-------------------+-------------+--------------+---------------+----------------------+----------------+---------+
| Golang     | hungarian-algorithm (parallel) | 100x200  |            15.894 |       0.466 |       16.36  |          2    | ★ 15.98x             | 0.33x          | 51220.3 |
+------------+--------------------------------+----------+-------------------+-------------+--------------+---------------+----------------------+----------------+---------+

🏆 Fastest (Parallel): Python

====================================================================================================
  MEDIUM
====================================================================================================


📊 SEQUENTIAL (1 Core)

+------------+--------------------------------+----------+-------------------+-------------+--------------+---------------+----------------------+----------------+---------+
| Language   | Implementation                 | Matrix   |   Matrix Gen (ms) |   Algo (ms) |   Total (ms) |   Memory (MB) | Matrix Gen Speedup   | Algo Speedup   |    Cost |
+============+================================+==========+===================+=============+==============+===============+======================+================+=========+
| Rust       | pathfinding::kuhn_munkres (seq | 50x100   |            49.868 |       0.05  |       49.919 |          0    | 4.57x                | 1.02x          | 29522.1 |
+------------+--------------------------------+----------+-------------------+-------------+--------------+---------------+----------------------+----------------+---------+
| Python     | scipy.optimize.linear_sum_assi | 50x100   |           228.059 |       0.051 |      228.11  |          0.12 | 1.00x                | 1.00x          | 29229   |
+------------+--------------------------------+----------+-------------------+-------------+--------------+---------------+----------------------+----------------+---------+
| Python     | scipy.optimize.linear_sum_assi | 50x100   |           275.771 |       0.058 |      275.829 |          0.12 | 0.83x                | 0.88x          | 29229   |
+------------+--------------------------------+----------+-------------------+-------------+--------------+---------------+----------------------+----------------+---------+
| Golang     | hungarian-algorithm (sequentia | 50x100   |            20.69  |       0.367 |       21.057 |          1    | ★ 11.02x             | 0.14x          | 34748.7 |
+------------+--------------------------------+----------+-------------------+-------------+--------------+---------------+----------------------+----------------+---------+

🏆 Fastest (Sequential): Rust

📊 PARALLEL (8 Cores)

+------------+--------------------------------+----------+-------------------+-------------+--------------+---------------+----------------------+----------------+---------+
| Language   | Implementation                 | Matrix   |   Matrix Gen (ms) |   Algo (ms) |   Total (ms) |   Memory (MB) | Matrix Gen Speedup   | Algo Speedup   |    Cost |
+============+================================+==========+===================+=============+==============+===============+======================+================+=========+
| Python     | scipy.optimize.linear_sum_assi | 50x100   |            94.269 |       0.048 |       94.317 |          2.2  | 1.00x                | 1.00x          | 29229   |
+------------+--------------------------------+----------+-------------------+-------------+--------------+---------------+----------------------+----------------+---------+
| Rust       | pathfinding::kuhn_munkres (par | 50x100   |            34.046 |       0.051 |       34.096 |          0    | 2.77x                | 0.95x          | 29522.1 |
+------------+--------------------------------+----------+-------------------+-------------+--------------+---------------+----------------------+----------------+---------+
| Python     | scipy.optimize.linear_sum_assi | 50x100   |           175.244 |       0.066 |      175.31  |          2.16 | 0.54x                | 0.73x          | 29229   |
+------------+--------------------------------+----------+-------------------+-------------+--------------+---------------+----------------------+----------------+---------+
| Golang     | hungarian-algorithm (parallel) | 50x100   |             8.581 |       2.689 |       11.27  |          1    | ★ 10.99x             | 0.02x          | 34748.7 |
+------------+--------------------------------+----------+-------------------+-------------+--------------+---------------+----------------------+----------------+---------+

🏆 Fastest (Parallel): Python

====================================================================================================
  SMALL
====================================================================================================


📊 SEQUENTIAL (1 Core)

+------------+--------------------------------+----------+-------------------+-------------+--------------+---------------+----------------------+----------------+----------+
| Language   | Implementation                 | Matrix   |   Matrix Gen (ms) |   Algo (ms) |   Total (ms) |   Memory (MB) | Matrix Gen Speedup   | Algo Speedup   |     Cost |
+============+================================+==========+===================+=============+==============+===============+======================+================+==========+
| Python     | scipy.optimize.linear_sum_assi | 10x20    |            10.347 |       0.01  |       10.358 |             0 | 0.87x                | 1.40x          |  9044.94 |
+------------+--------------------------------+----------+-------------------+-------------+--------------+---------------+----------------------+----------------+----------+
| Python     | scipy.optimize.linear_sum_assi | 10x20    |             8.972 |       0.014 |        8.986 |             0 | 1.00x                | 1.00x          |  9044.94 |
+------------+--------------------------------+----------+-------------------+-------------+--------------+---------------+----------------------+----------------+----------+
| Rust       | pathfinding::kuhn_munkres (seq | 10x20    |             4.423 |       0.033 |        4.456 |             0 | 2.03x                | 0.42x          | 11591.3  |
+------------+--------------------------------+----------+-------------------+-------------+--------------+---------------+----------------------+----------------+----------+
| Golang     | hungarian-algorithm (sequentia | 10x20    |             1.384 |       0.119 |        1.503 |             0 | ★ 6.48x              | 0.12x          |  9823.71 |
+------------+--------------------------------+----------+-------------------+-------------+--------------+---------------+----------------------+----------------+----------+

🏆 Fastest (Sequential): Python

📊 PARALLEL (8 Cores)

+------------+--------------------------------+----------+-------------------+-------------+--------------+---------------+----------------------+----------------+----------+
| Language   | Implementation                 | Matrix   |   Matrix Gen (ms) |   Algo (ms) |   Total (ms) |   Memory (MB) | Matrix Gen Speedup   | Algo Speedup   |     Cost |
+============+================================+==========+===================+=============+==============+===============+======================+================+==========+
| Python     | scipy.optimize.linear_sum_assi | 10x20    |            45.531 |       0.018 |       45.549 |           2.1 | 1.16x                | 1.94x          |  9044.94 |
+------------+--------------------------------+----------+-------------------+-------------+--------------+---------------+----------------------+----------------+----------+
| Rust       | pathfinding::kuhn_munkres (par | 10x20    |             1.335 |       0.021 |        1.357 |           0   | ★ 39.71x             | 1.64x          | 11591.3  |
+------------+--------------------------------+----------+-------------------+-------------+--------------+---------------+----------------------+----------------+----------+
| Golang     | hungarian-algorithm (parallel) | 10x20    |             0.295 |       0.024 |        0.319 |           0   | ★ 179.78x            | 1.46x          |  9823.71 |
+------------+--------------------------------+----------+-------------------+-------------+--------------+---------------+----------------------+----------------+----------+
| Python     | scipy.optimize.linear_sum_assi | 10x20    |            53.036 |       0.035 |       53.071 |           2.1 | 1.00x                | 1.00x          |  9044.94 |
+------------+--------------------------------+----------+-------------------+-------------+--------------+---------------+----------------------+----------------+----------+

🏆 Fastest (Parallel): Python

====================================================================================================
  XLARGE
====================================================================================================


📊 SEQUENTIAL (1 Core)

+------------+--------------------------------+----------+-------------------+-------------+--------------+---------------+----------------------+----------------+---------+
| Language   | Implementation                 | Matrix   |   Matrix Gen (ms) |   Algo (ms) |   Total (ms) |   Memory (MB) | Matrix Gen Speedup   | Algo Speedup   |    Cost |
+============+================================+==========+===================+=============+==============+===============+======================+================+=========+
| Rust       | pathfinding::kuhn_munkres (seq | 250x500  |          1218.82  |       0.63  |     1219.44  |          1    | 4.85x                | 2.52x          | 96641.1 |
+------------+--------------------------------+----------+-------------------+-------------+--------------+---------------+----------------------+----------------+---------+
| Python     | scipy.optimize.linear_sum_assi | 250x500  |          5910.56  |       1.587 |     5912.15  |          5.27 | 1.00x                | 1.00x          | 94265   |
+------------+--------------------------------+----------+-------------------+-------------+--------------+---------------+----------------------+----------------+---------+
| Python     | scipy.optimize.linear_sum_assi | 250x500  |         10521.3   |       1.74  |    10523     |          5.26 | 0.56x                | 0.91x          | 94265   |
+------------+--------------------------------+----------+-------------------+-------------+--------------+---------------+----------------------+----------------+---------+
| Golang     | hungarian-algorithm (sequentia | 250x500  |           566.621 |       5.038 |      571.659 |          7    | ★ 10.43x             | 0.32x          | 98210.7 |
+------------+--------------------------------+----------+-------------------+-------------+--------------+---------------+----------------------+----------------+---------+

🏆 Fastest (Sequential): Rust

📊 PARALLEL (8 Cores)

+------------+--------------------------------+----------+-------------------+-------------+--------------+---------------+----------------------+----------------+---------+
| Language   | Implementation                 | Matrix   |   Matrix Gen (ms) |   Algo (ms) |   Total (ms) |   Memory (MB) | Matrix Gen Speedup   | Algo Speedup   |    Cost |
+============+================================+==========+===================+=============+==============+===============+======================+================+=========+
| Rust       | pathfinding::kuhn_munkres (par | 250x500  |           366.42  |       0.704 |      367.124 |          2    | ★ 5.83x              | 1.33x          | 96641.1 |
+------------+--------------------------------+----------+-------------------+-------------+--------------+---------------+----------------------+----------------+---------+
| Python     | scipy.optimize.linear_sum_assi | 250x500  |          2136.99  |       0.936 |     2137.93  |          7.75 | 1.00x                | 1.00x          | 94265   |
+------------+--------------------------------+----------+-------------------+-------------+--------------+---------------+----------------------+----------------+---------+
| Python     | scipy.optimize.linear_sum_assi | 250x500  |          2629.03  |       1.131 |     2630.16  |          7.79 | 0.81x                | 0.83x          | 94265   |
+------------+--------------------------------+----------+-------------------+-------------+--------------+---------------+----------------------+----------------+---------+
| Golang     | hungarian-algorithm (parallel) | 250x500  |           109.381 |       7.082 |      116.463 |         10    | ★ 19.54x             | 0.13x          | 98210.7 |
+------------+--------------------------------+----------+-------------------+-------------+--------------+---------------+----------------------+----------------+---------+

🏆 Fastest (Parallel): Rust

====================================================================================================
  XXLARGE
====================================================================================================


📊 SEQUENTIAL (1 Core)

+------------+--------------------------------+----------+-------------------+-------------+--------------+---------------+----------------------+----------------+--------+
| Language   | Implementation                 | Matrix   |   Matrix Gen (ms) |   Algo (ms) |   Total (ms) |   Memory (MB) | Matrix Gen Speedup   | Algo Speedup   |   Cost |
+============+================================+==========+===================+=============+==============+===============+======================+================+========+
| Rust       | pathfinding::kuhn_munkres (seq | 500x1000 |           5163.55 |       2.224 |      5165.77 |           7   | ★ 5.29x              | 1.58x          | 160147 |
+------------+--------------------------------+----------+-------------------+-------------+--------------+---------------+----------------------+----------------+--------+
| Python     | scipy.optimize.linear_sum_assi | 500x1000 |          27292.5  |       3.518 |     27296    |          22.9 | 1.00x                | 1.00x          | 155822 |
+------------+--------------------------------+----------+-------------------+-------------+--------------+---------------+----------------------+----------------+--------+
| Golang     | hungarian-algorithm (sequentia | 500x1000 |           2216.46 |      69.51  |      2285.97 |          38   | ★ 12.31x             | 0.05x          | 162453 |
+------------+--------------------------------+----------+-------------------+-------------+--------------+---------------+----------------------+----------------+--------+

🏆 Fastest (Sequential): Rust

📊 PARALLEL (8 Cores)

+------------+--------------------------------+----------+-------------------+-------------+--------------+---------------+----------------------+----------------+--------+
| Language   | Implementation                 | Matrix   |   Matrix Gen (ms) |   Algo (ms) |   Total (ms) |   Memory (MB) | Matrix Gen Speedup   | Algo Speedup   |   Cost |
+============+================================+==========+===================+=============+==============+===============+======================+================+========+
| Rust       | pathfinding::kuhn_munkres (par | 500x1000 |          1524.58  |       2.756 |     1527.33  |          7    | ★ 7.21x              | 2.66x          | 160147 |
+------------+--------------------------------+----------+-------------------+-------------+--------------+---------------+----------------------+----------------+--------+
| Python     | scipy.optimize.linear_sum_assi | 500x1000 |         10988.7   |       7.335 |    10996     |         25.11 | 1.00x                | 1.00x          | 155822 |
+------------+--------------------------------+----------+-------------------+-------------+--------------+---------------+----------------------+----------------+--------+
| Golang     | hungarian-algorithm (parallel) | 500x1000 |           618.901 |      62.112 |      681.013 |         26    | ★ 17.76x             | 0.12x          | 162453 |
+------------+--------------------------------+----------+-------------------+-------------+--------------+---------------+----------------------+----------------+--------+

🏆 Fastest (Parallel): Rust

📄 Markdown report saved to: /results/comparison_report.md
📄 HTML report saved to: /results/comparison_report.html
📄 Confluence report saved to: /results/comparison_report_confluence.txt

================================================================================


📦 Copying final results and report to local folder...
✅ All results copied to ./results/

✅ Benchmark complete!

📂 Results location:
   - Local folder: ./results/
   - Docker volume: results

📄 Available files:
total 144
-rw-r--r--  1 ankur.a  GREYORANGE\Domain Users   8.2K Feb  8 11:30 comparison_report_confluence.txt
-rw-r--r--  1 ankur.a  GREYORANGE\Domain Users    29K Feb  8 11:30 comparison_report.html
-rw-r--r--  1 ankur.a  GREYORANGE\Domain Users   8.6K Feb  8 11:30 comparison_report.md
-rw-r--r--  1 ankur.a  GREYORANGE\Domain Users   3.2K Feb  8 11:30 golang_results.json
-rw-r--r--  1 ankur.a  GREYORANGE\Domain Users   6.6K Feb  8 11:30 python_results.json
-rw-r--r--  1 ankur.a  GREYORANGE\Domain Users   3.3K Feb  8 11:30 rust_results.json

View comparison report:
   cat results/comparison_report.md

